# This is a sample menu.lst file. You should make some changes to it.
# The old install method of booting via the stage-files has been removed.
# Please install GRLDR boot strap code to MBR with the bootlace.com
# utility under DOS/Win9x or Linux.

color light-gray/blue light-blue/yellow dark-gray/blue
#timeout 10
default 0

#----------------------------------------------------
title SystemRescueCD Menu
find --set-root --ignore-floppies --ignore-cd /grub/sysresccd/menu.lst
configfile /grub/sysresccd/menu.lst
savedefault

#----------------------------------------------------
title Super Grub2 Disk Menu
#fallback 3
set isofile=super_grub2_disk_hybrid_2.02s4_sysrescuecd.iso
set isopath=/grub/super_grub2_disk
find --set-root --ignore-floppies --ignore-cd %isopath%/%isofile%
map %isopath%/%isofile% (hd32) || map --mem %isopath%/%isofile% (hd32)
map --hook
chainloader (hd32)
savedefault

#----------------------------------------------------
title netboot.xyz
set isofile=/boot-isos/netboot.xyz-dhcp.iso
find --set-root --ignore-floppies --ignore-cd %isofile%
map %isofile% (hd32) || map --mem %isofile% (hd32)
map --hook
chainloader (hd32)

#----------------------------------------------------
title Ghost
find --set-root --ignore-floppies --ignore-cd /grub/ghost/ghost.img
map --mem /grub/ghost/ghost.img (fd0)
map --hook
chainloader (fd0)+1
rootnoverify (fd0)

#----------------------------------------------------
title COMMAND LINE
commandline

#----------------------------------------------------
title REBOOT
reboot

#----------------------------------------------------
title HALT
halt

#----------------------------------------------------

